// Jest Snapshot v1, https://goo.gl/fbAQLP

exports[`Utilities getMetadata can get metadata 1`] = `
{
  "blueprint": "Component",
  "blueprintInstance": "Button",
  "blueprintInstanceDestination": "someLocation",
  "blueprintInstancePluralized": "Buttons",
  "blueprintInstanceSingularized": "Button",
  "blueprintInstance_CamelCaseFormat": "button",
  "blueprintInstance_CamelCaseFormatPluralized": "buttons",
  "blueprintInstance_CamelCaseFormatSingularized": "button",
  "blueprintInstance_ClassFormat": "Button",
  "blueprintInstance_ClassFormatPluralized": "Buttons",
  "blueprintInstance_ClassFormatSingularized": "Button",
  "blueprintInstance_ConstantFormat": "button",
  "blueprintInstance_ConstantFormatPluralized": "BUTTONS",
  "blueprintInstance_ConstantFormatSingularized": "BUTTON",
  "blueprintInstance_DashedFormat": "button",
  "blueprintInstance_DashedFormatPluralized": "buttons",
  "blueprintInstance_DashedFormatSingularized": "button",
  "blueprintInstance_PascalCaseFormat": "Button",
  "blueprintInstance_PascalCaseFormatPluralized": "Buttons",
  "blueprintInstance_PascalCaseFormatSingularized": "Button",
  "blueprintInstance_SlugFormat": "button",
  "blueprintInstance_SlugFormatPluralized": "buttons",
  "blueprintInstance_SlugFormatSingularized": "button",
  "blueprintInstance_SnakeCaseFormat": "button",
  "blueprintInstance_SnakeCaseFormatPluralized": "buttons",
  "blueprintInstance_SnakeCaseFormatSingularized": "button",
  "blueprintPluralized": "Components",
  "blueprintSingularized": "Component",
}
`;

exports[`Utilities log can log standard output 1`] = `
"first
second
third"
`;

exports[`Utilities log can log warning output 1`] = `
"⚠️ first warning
⚠️ second warning
⚠️ third warning"
`;
