// Jest Snapshot v1, https://goo.gl/fbAQLP

exports[`log can log standard output 1`] = `
"first
second
third"
`;

exports[`log can log warning output 1`] = `
"⚠️ first warning
⚠️ second warning
⚠️ third warning"
`;
